This file contains any messages produced by compilers while
running configure, to aid debugging if configure makes a mistake.

It was created by ethercat configure 1.5.2, which was
generated by GNU Autoconf 2.71.  Invocation command line was

  $ ./configure --disable-8139too --enable-generic --enable-cycles --enable-hrtimer --disable-eoe

## --------- ##
## Platform. ##
## --------- ##

hostname = conni
uname -m = x86_64
uname -r = 5.19.0-50-generic
uname -s = Linux
uname -v = #50-Ubuntu SMP PREEMPT_DYNAMIC Mon Jul 10 18:24:29 UTC 2023

/usr/bin/uname -p = x86_64
/bin/uname -X     = unknown

/bin/arch              = x86_64
/usr/bin/arch -k       = unknown
/usr/convex/getsysinfo = unknown
/usr/bin/hostinfo      = unknown
/bin/machine           = unknown
/usr/bin/oslevel       = unknown
/bin/universe          = unknown

PATH: /home/jyuan/.cargo/bin/
PATH: /usr/lib/ccache/
PATH: /home/jyuan/.local/bin/
PATH: /home/jyuan/bin/
PATH: /usr/local/sbin/
PATH: /usr/local/bin/
PATH: /usr/sbin/
PATH: /usr/bin/
PATH: /sbin/
PATH: /bin/
PATH: /usr/games/
PATH: /usr/local/games/
PATH: /snap/bin/
PATH: /snap/bin/


## ----------- ##
## Core tests. ##
## ----------- ##

configure:2893: looking for aux files: config.guess config.sub ltmain.sh ar-lib compile missing install-sh
configure:2906:  trying ./autoconf/
configure:2935:   ./autoconf/config.guess found
configure:2935:   ./autoconf/config.sub found
configure:2935:   ./autoconf/ltmain.sh found
configure:2935:   ./autoconf/ar-lib found
configure:2935:   ./autoconf/compile found
configure:2935:   ./autoconf/missing found
configure:2917:   ./autoconf/install-sh found
configure:3065: checking for a BSD-compatible install
configure:3138: result: /usr/bin/install -c
configure:3149: checking whether build environment is sane
configure:3204: result: yes
configure:3363: checking for a race-free mkdir -p
configure:3407: result: /usr/bin/mkdir -p
configure:3414: checking for gawk
configure:3435: found /usr/bin/gawk
configure:3446: result: gawk
configure:3457: checking whether make sets $(MAKE)
configure:3480: result: yes
configure:3510: checking whether make supports nested variables
configure:3528: result: yes
configure:3686: checking whether make supports the include directive
configure:3701: make -f confmf.GNU && cat confinc.out
this is the am__doit target
configure:3704: $? = 0
configure:3723: result: yes (GNU style)
configure:3799: checking for gcc
configure:3820: found /usr/lib/ccache/gcc
configure:3831: result: gcc
configure:4184: checking for C compiler version
configure:4193: gcc --version >&5
gcc (Ubuntu 11.3.0-1ubuntu1~22.04.1) 11.3.0
Copyright (C) 2021 Free Software Foundation, Inc.
This is free software; see the source for copying conditions.  There is NO
warranty; not even for MERCHANTABILITY or FITNESS FOR A PARTICULAR PURPOSE.

configure:4204: $? = 0
configure:4193: gcc -v >&5
Using built-in specs.
COLLECT_GCC=/usr/bin/gcc
COLLECT_LTO_WRAPPER=/usr/lib/gcc/x86_64-linux-gnu/11/lto-wrapper
OFFLOAD_TARGET_NAMES=nvptx-none:amdgcn-amdhsa
OFFLOAD_TARGET_DEFAULT=1
Target: x86_64-linux-gnu
Configured with: ../src/configure -v --with-pkgversion='Ubuntu 11.3.0-1ubuntu1~22.04.1' --with-bugurl=file:///usr/share/doc/gcc-11/README.Bugs --enable-languages=c,ada,c++,go,brig,d,fortran,objc,obj-c++,m2 --prefix=/usr --with-gcc-major-version-only --program-suffix=-11 --program-prefix=x86_64-linux-gnu- --enable-shared --enable-linker-build-id --libexecdir=/usr/lib --without-included-gettext --enable-threads=posix --libdir=/usr/lib --enable-nls --enable-bootstrap --enable-clocale=gnu --enable-libstdcxx-debug --enable-libstdcxx-time=yes --with-default-libstdcxx-abi=new --enable-gnu-unique-object --disable-vtable-verify --enable-plugin --enable-default-pie --with-system-zlib --enable-libphobos-checking=release --with-target-system-zlib=auto --enable-objc-gc=auto --enable-multiarch --disable-werror --enable-cet --with-arch-32=i686 --with-abi=m64 --with-multilib-list=m32,m64,mx32 --enable-multilib --with-tune=generic --enable-offload-targets=nvptx-none=/build/gcc-11-aYxV0E/gcc-11-11.3.0/debian/tmp-nvptx/usr,amdgcn-amdhsa=/build/gcc-11-aYxV0E/gcc-11-11.3.0/debian/tmp-gcn/usr --without-cuda-driver --enable-checking=release --build=x86_64-linux-gnu --host=x86_64-linux-gnu --target=x86_64-linux-gnu --with-build-config=bootstrap-lto-lean --enable-link-serialization=2
Thread model: posix
Supported LTO compression algorithms: zlib zstd
gcc version 11.3.0 (Ubuntu 11.3.0-1ubuntu1~22.04.1) 
... rest of stderr output deleted ...
configure:4204: $? = 0
configure:4193: gcc -V >&5
gcc: error: unrecognized command-line option '-V'
gcc: fatal error: no input files
compilation terminated.
distcc[11452] ERROR: compile (null) on localhost failed
configure:4204: $? = 1
configure:4193: gcc -qversion >&5
gcc: error: unrecognized command-line option '-qversion'; did you mean '--version'?
gcc: fatal error: no input files
compilation terminated.
distcc[11458] ERROR: compile (null) on localhost failed
configure:4204: $? = 1
configure:4193: gcc -version >&5
gcc: error: unrecognized command-line option '-version'
gcc: fatal error: no input files
compilation terminated.
distcc[11464] ERROR: compile (null) on localhost failed
configure:4204: $? = 1
configure:4224: checking whether the C compiler works
configure:4246: gcc    conftest.c  >&5
configure:4250: $? = 0
configure:4300: result: yes
configure:4303: checking for C compiler default output file name
configure:4305: result: a.out
configure:4311: checking for suffix of executables
configure:4318: gcc -o conftest    conftest.c  >&5
configure:4322: $? = 0
configure:4345: result: 
configure:4367: checking whether we are cross compiling
configure:4375: gcc -o conftest    conftest.c  >&5
configure:4379: $? = 0
configure:4386: ./conftest
configure:4390: $? = 0
configure:4405: result: no
configure:4410: checking for suffix of object files
configure:4433: gcc -c   conftest.c >&5
configure:4437: $? = 0
configure:4459: result: o
configure:4463: checking whether the compiler supports GNU C
configure:4483: gcc -c   conftest.c >&5
configure:4483: $? = 0
configure:4493: result: yes
configure:4504: checking whether gcc accepts -g
configure:4525: gcc -c -g  conftest.c >&5
configure:4525: $? = 0
configure:4569: result: yes
configure:4589: checking for gcc option to enable C11 features
configure:4604: gcc  -c -g -O2  conftest.c >&5
configure:4604: $? = 0
configure:4622: result: none needed
configure:4738: checking whether gcc understands -c and -o together
configure:4761: gcc -c conftest.c -o conftest2.o
configure:4764: $? = 0
configure:4761: gcc -c conftest.c -o conftest2.o
configure:4764: $? = 0
configure:4776: result: yes
configure:4795: checking dependency style of gcc
configure:4907: result: gcc3
configure:4979: checking for ar
configure:5000: found /usr/bin/ar
configure:5011: result: ar
configure:5037: checking the archiver (ar) interface
configure:5054: gcc -c -g -O2  conftest.c >&5
configure:5054: $? = 0
configure:5057: ar cru libconftest.a conftest.o >&5
ar: `u' modifier ignored since `D' is the default (see `U')
configure:5060: $? = 0
configure:5088: result: ar
configure:5177: checking for g++
configure:5198: found /usr/lib/ccache/g++
configure:5209: result: g++
configure:5236: checking for C++ compiler version
configure:5245: g++ --version >&5
g++ (Ubuntu 11.3.0-1ubuntu1~22.04.1) 11.3.0
Copyright (C) 2021 Free Software Foundation, Inc.
This is free software; see the source for copying conditions.  There is NO
warranty; not even for MERCHANTABILITY or FITNESS FOR A PARTICULAR PURPOSE.

configure:5256: $? = 0
configure:5245: g++ -v >&5
Using built-in specs.
COLLECT_GCC=/usr/bin/g++
COLLECT_LTO_WRAPPER=/usr/lib/gcc/x86_64-linux-gnu/11/lto-wrapper
OFFLOAD_TARGET_NAMES=nvptx-none:amdgcn-amdhsa
OFFLOAD_TARGET_DEFAULT=1
Target: x86_64-linux-gnu
Configured with: ../src/configure -v --with-pkgversion='Ubuntu 11.3.0-1ubuntu1~22.04.1' --with-bugurl=file:///usr/share/doc/gcc-11/README.Bugs --enable-languages=c,ada,c++,go,brig,d,fortran,objc,obj-c++,m2 --prefix=/usr --with-gcc-major-version-only --program-suffix=-11 --program-prefix=x86_64-linux-gnu- --enable-shared --enable-linker-build-id --libexecdir=/usr/lib --without-included-gettext --enable-threads=posix --libdir=/usr/lib --enable-nls --enable-bootstrap --enable-clocale=gnu --enable-libstdcxx-debug --enable-libstdcxx-time=yes --with-default-libstdcxx-abi=new --enable-gnu-unique-object --disable-vtable-verify --enable-plugin --enable-default-pie --with-system-zlib --enable-libphobos-checking=release --with-target-system-zlib=auto --enable-objc-gc=auto --enable-multiarch --disable-werror --enable-cet --with-arch-32=i686 --with-abi=m64 --with-multilib-list=m32,m64,mx32 --enable-multilib --with-tune=generic --enable-offload-targets=nvptx-none=/build/gcc-11-aYxV0E/gcc-11-11.3.0/debian/tmp-nvptx/usr,amdgcn-amdhsa=/build/gcc-11-aYxV0E/gcc-11-11.3.0/debian/tmp-gcn/usr --without-cuda-driver --enable-checking=release --build=x86_64-linux-gnu --host=x86_64-linux-gnu --target=x86_64-linux-gnu --with-build-config=bootstrap-lto-lean --enable-link-serialization=2
Thread model: posix
Supported LTO compression algorithms: zlib zstd
gcc version 11.3.0 (Ubuntu 11.3.0-1ubuntu1~22.04.1) 
... rest of stderr output deleted ...
configure:5256: $? = 0
configure:5245: g++ -V >&5
g++: error: unrecognized command-line option '-V'
g++: fatal error: no input files
compilation terminated.
distcc[11604] ERROR: compile (null) on localhost failed
configure:5256: $? = 1
configure:5245: g++ -qversion >&5
g++: error: unrecognized command-line option '-qversion'; did you mean '--version'?
g++: fatal error: no input files
compilation terminated.
distcc[11610] ERROR: compile (null) on localhost failed
configure:5256: $? = 1
configure:5260: checking whether the compiler supports GNU C++
configure:5280: g++ -c   conftest.cpp >&5
configure:5280: $? = 0
configure:5290: result: yes
configure:5301: checking whether g++ accepts -g
configure:5322: g++ -c -g  conftest.cpp >&5
configure:5322: $? = 0
configure:5366: result: yes
configure:5386: checking for g++ option to enable C++11 features
configure:5401: g++  -c -g -O2  conftest.cpp >&5
conftest.cpp: In function 'int main(int, char**)':
conftest.cpp:177:25: warning: empty parentheses were disambiguated as a function declaration [-Wvexing-parse]
  177 |   cxx11test::delegate d2();
      |                         ^~
conftest.cpp:177:25: note: remove parentheses to default-initialize a variable
  177 |   cxx11test::delegate d2();
      |                         ^~
      |                         --
conftest.cpp:177:25: note: or replace parentheses with braces to value-initialize a variable
configure:5401: $? = 0
configure:5419: result: none needed
configure:5485: checking dependency style of g++
configure:5597: result: gcc3
configure:5644: checking build system type
configure:5659: result: x86_64-pc-linux-gnu
configure:5679: checking host system type
configure:5693: result: x86_64-pc-linux-gnu
configure:5734: checking how to print strings
configure:5761: result: printf
configure:5782: checking for a sed that does not truncate output
configure:5852: result: /usr/bin/sed
configure:5870: checking for grep that handles long lines and -e
configure:5934: result: /usr/bin/grep
configure:5939: checking for egrep
configure:6007: result: /usr/bin/grep -E
configure:6012: checking for fgrep
configure:6080: result: /usr/bin/grep -F
configure:6116: checking for ld used by gcc
configure:6184: result: /usr/bin/ld
configure:6191: checking if the linker (/usr/bin/ld) is GNU ld
configure:6207: result: yes
configure:6219: checking for BSD- or MS-compatible name lister (nm)
configure:6274: result: /usr/bin/nm -B
configure:6414: checking the name lister (/usr/bin/nm -B) interface
configure:6422: gcc -c -g -O2  conftest.c >&5
configure:6425: /usr/bin/nm -B "conftest.o"
configure:6428: output
0000000000000000 B some_variable
configure:6435: result: BSD nm
configure:6438: checking whether ln -s works
configure:6442: result: yes
configure:6450: checking the maximum length of command line arguments
configure:6582: result: 1572864
configure:6630: checking how to convert x86_64-pc-linux-gnu file names to x86_64-pc-linux-gnu format
configure:6671: result: func_convert_file_noop
configure:6678: checking how to convert x86_64-pc-linux-gnu file names to toolchain format
configure:6699: result: func_convert_file_noop
configure:6706: checking for /usr/bin/ld option to reload object files
configure:6714: result: -r
configure:6793: checking for objdump
configure:6814: found /usr/bin/objdump
configure:6825: result: objdump
configure:6857: checking how to recognize dependent libraries
configure:7058: result: pass_all
configure:7148: checking for dlltool
configure:7183: result: no
configure:7213: checking how to associate runtime and link libraries
configure:7241: result: printf %s\n
configure:7375: checking for archiver @FILE support
configure:7393: gcc -c -g -O2  conftest.c >&5
configure:7393: $? = 0
configure:7397: ar cru libconftest.a @conftest.lst >&5
ar: `u' modifier ignored since `D' is the default (see `U')
configure:7400: $? = 0
configure:7405: ar cru libconftest.a @conftest.lst >&5
ar: `u' modifier ignored since `D' is the default (see `U')
ar: conftest.o: No such file or directory
configure:7408: $? = 1
configure:7420: result: @
configure:7483: checking for strip
configure:7504: found /usr/bin/strip
configure:7515: result: strip
configure:7592: checking for ranlib
configure:7613: found /usr/bin/ranlib
configure:7624: result: ranlib
configure:7726: checking command to parse /usr/bin/nm -B output from gcc object
configure:7880: gcc -c -g -O2  conftest.c >&5
configure:7883: $? = 0
configure:7887: /usr/bin/nm -B conftest.o \| sed -n -e 's/^.*[ ]\([ABCDGIRSTW][ABCDGIRSTW]*\)[ ][ ]*\([_A-Za-z][_A-Za-z0-9]*\)$/\1 \2 \2/p' | sed '/ __gnu_lto/d' \> conftest.nm
configure:7890: $? = 0
configure:7956: gcc -o conftest -g -O2   conftest.c conftstm.o >&5
configure:7959: $? = 0
configure:7997: result: ok
configure:8044: checking for sysroot
configure:8075: result: no
configure:8082: checking for a working dd
configure:8126: result: /usr/bin/dd
configure:8130: checking how to truncate binary pipes
configure:8146: result: /usr/bin/dd bs=4096 count=1
configure:8283: gcc -c -g -O2  conftest.c >&5
configure:8286: $? = 0
configure:8483: checking for mt
configure:8504: found /usr/bin/mt
configure:8515: result: mt
configure:8538: checking if mt is a manifest tool
configure:8545: mt '-?'
configure:8553: result: no
configure:9283: checking for stdio.h
configure:9283: gcc -c -g -O2  conftest.c >&5
configure:9283: $? = 0
configure:9283: result: yes
configure:9283: checking for stdlib.h
configure:9283: gcc -c -g -O2  conftest.c >&5
configure:9283: $? = 0
configure:9283: result: yes
configure:9283: checking for string.h
configure:9283: gcc -c -g -O2  conftest.c >&5
configure:9283: $? = 0
configure:9283: result: yes
configure:9283: checking for inttypes.h
configure:9283: gcc -c -g -O2  conftest.c >&5
configure:9283: $? = 0
configure:9283: result: yes
configure:9283: checking for stdint.h
configure:9283: gcc -c -g -O2  conftest.c >&5
configure:9283: $? = 0
configure:9283: result: yes
configure:9283: checking for strings.h
configure:9283: gcc -c -g -O2  conftest.c >&5
configure:9283: $? = 0
configure:9283: result: yes
configure:9283: checking for sys/stat.h
configure:9283: gcc -c -g -O2  conftest.c >&5
configure:9283: $? = 0
configure:9283: result: yes
configure:9283: checking for sys/types.h
configure:9283: gcc -c -g -O2  conftest.c >&5
configure:9283: $? = 0
configure:9283: result: yes
configure:9283: checking for unistd.h
configure:9283: gcc -c -g -O2  conftest.c >&5
configure:9283: $? = 0
configure:9283: result: yes
configure:9308: checking for dlfcn.h
configure:9308: gcc -c -g -O2  conftest.c >&5
configure:9308: $? = 0
configure:9308: result: yes
configure:9578: checking for objdir
configure:9594: result: .libs
configure:9858: checking if gcc supports -fno-rtti -fno-exceptions
configure:9877: gcc -c -g -O2  -fno-rtti -fno-exceptions conftest.c >&5
cc1: warning: command-line option '-fno-rtti' is valid for C++/D/ObjC++ but not for C
configure:9881: $? = 0
configure:9894: result: no
configure:10252: checking for gcc option to produce PIC
configure:10260: result: -fPIC -DPIC
configure:10268: checking if gcc PIC flag -fPIC -DPIC works
configure:10287: gcc -c -g -O2  -fPIC -DPIC -DPIC conftest.c >&5
configure:10291: $? = 0
configure:10304: result: yes
configure:10333: checking if gcc static flag -static works
configure:10362: result: yes
configure:10377: checking if gcc supports -c -o file.o
configure:10399: gcc -c -g -O2  -o out/conftest2.o conftest.c >&5
configure:10403: $? = 0
configure:10425: result: yes
configure:10433: checking if gcc supports -c -o file.o
configure:10481: result: yes
configure:10514: checking whether the gcc linker (/usr/bin/ld -m elf_x86_64) supports shared libraries
configure:11784: result: yes
configure:11821: checking whether -lc should be explicitly linked in
configure:11830: gcc -c -g -O2  conftest.c >&5
configure:11833: $? = 0
configure:11848: gcc -shared  -fPIC -DPIC conftest.o  -v -Wl,-soname -Wl,conftest -o conftest 2\>\&1 \| /usr/bin/grep  -lc  \>/dev/null 2\>\&1
configure:11851: $? = 0
configure:11865: result: no
configure:12025: checking dynamic linker characteristics
configure:12607: gcc -o conftest -g -O2   -Wl,-rpath -Wl,/foo conftest.c  >&5
configure:12607: $? = 0
configure:12858: result: GNU/Linux ld.so
configure:12980: checking how to hardcode library paths into programs
configure:13005: result: immediate
configure:13557: checking whether stripping libraries is possible
configure:13562: result: yes
configure:13597: checking if libtool supports shared libraries
configure:13599: result: yes
configure:13602: checking whether to build shared libraries
configure:13627: result: yes
configure:13630: checking whether to build static libraries
configure:13634: result: yes
configure:13657: checking how to run the C++ preprocessor
configure:13679: g++ -E  conftest.cpp
configure:13679: $? = 0
configure:13694: g++ -E  conftest.cpp
conftest.cpp:23:10: fatal error: ac_nonexistent.h: No such file or directory
   23 | #include <ac_nonexistent.h>
      |          ^~~~~~~~~~~~~~~~~~
compilation terminated.
distcc[12142] ERROR: compile (null) on localhost failed
configure:13694: $? = 1
configure: failed program was:
| /* confdefs.h */
| #define PACKAGE_NAME "ethercat"
| #define PACKAGE_TARNAME "ethercat"
| #define PACKAGE_VERSION "1.5.2"
| #define PACKAGE_STRING "ethercat 1.5.2"
| #define PACKAGE_BUGREPORT "fp@igh-essen.com"
| #define PACKAGE_URL ""
| #define PACKAGE "ethercat"
| #define VERSION "1.5.2"
| #define HAVE_STDIO_H 1
| #define HAVE_STDLIB_H 1
| #define HAVE_STRING_H 1
| #define HAVE_INTTYPES_H 1
| #define HAVE_STDINT_H 1
| #define HAVE_STRINGS_H 1
| #define HAVE_SYS_STAT_H 1
| #define HAVE_SYS_TYPES_H 1
| #define HAVE_UNISTD_H 1
| #define STDC_HEADERS 1
| #define HAVE_DLFCN_H 1
| #define LT_OBJDIR ".libs/"
| /* end confdefs.h.  */
| #include <ac_nonexistent.h>
configure:13721: result: g++ -E
configure:13735: g++ -E  conftest.cpp
configure:13735: $? = 0
configure:13750: g++ -E  conftest.cpp
conftest.cpp:23:10: fatal error: ac_nonexistent.h: No such file or directory
   23 | #include <ac_nonexistent.h>
      |          ^~~~~~~~~~~~~~~~~~
compilation terminated.
distcc[12158] ERROR: compile (null) on localhost failed
configure:13750: $? = 1
configure: failed program was:
| /* confdefs.h */
| #define PACKAGE_NAME "ethercat"
| #define PACKAGE_TARNAME "ethercat"
| #define PACKAGE_VERSION "1.5.2"
| #define PACKAGE_STRING "ethercat 1.5.2"
| #define PACKAGE_BUGREPORT "fp@igh-essen.com"
| #define PACKAGE_URL ""
| #define PACKAGE "ethercat"
| #define VERSION "1.5.2"
| #define HAVE_STDIO_H 1
| #define HAVE_STDLIB_H 1
| #define HAVE_STRING_H 1
| #define HAVE_INTTYPES_H 1
| #define HAVE_STDINT_H 1
| #define HAVE_STRINGS_H 1
| #define HAVE_SYS_STAT_H 1
| #define HAVE_SYS_TYPES_H 1
| #define HAVE_UNISTD_H 1
| #define STDC_HEADERS 1
| #define HAVE_DLFCN_H 1
| #define LT_OBJDIR ".libs/"
| /* end confdefs.h.  */
| #include <ac_nonexistent.h>
configure:13915: checking for ld used by g++
configure:13983: result: /usr/bin/ld -m elf_x86_64
configure:13990: checking if the linker (/usr/bin/ld -m elf_x86_64) is GNU ld
configure:14006: result: yes
configure:14061: checking whether the g++ linker (/usr/bin/ld -m elf_x86_64) supports shared libraries
configure:15138: result: yes
configure:15174: g++ -c -g -O2  conftest.cpp >&5
configure:15177: $? = 0
configure:15658: checking for g++ option to produce PIC
configure:15666: result: -fPIC -DPIC
configure:15674: checking if g++ PIC flag -fPIC -DPIC works
configure:15693: g++ -c -g -O2  -fPIC -DPIC -DPIC conftest.cpp >&5
configure:15697: $? = 0
configure:15710: result: yes
configure:15733: checking if g++ static flag -static works
configure:15762: result: yes
configure:15774: checking if g++ supports -c -o file.o
configure:15796: g++ -c -g -O2  -o out/conftest2.o conftest.cpp >&5
configure:15800: $? = 0
configure:15822: result: yes
configure:15827: checking if g++ supports -c -o file.o
configure:15875: result: yes
configure:15905: checking whether the g++ linker (/usr/bin/ld -m elf_x86_64) supports shared libraries
configure:15948: result: yes
configure:16090: checking dynamic linker characteristics
configure:16850: result: GNU/Linux ld.so
configure:16915: checking how to hardcode library paths into programs
configure:16940: result: immediate
configure:17006: checking whether to build kernel modules
configure:17029: result: yes
configure:17074: checking for Linux kernel sources
configure:17111: result: /usr/src/linux-headers-5.19.0-50-generic (Kernel 5.19)
configure:17133: checking for Linux modules installation directory
configure:17135: result: ethercat
configure:17762: checking whether to build the CCAT driver
configure:17788: result: no
configure:17824: checking for RTAI path
configure:17828: result: not specified.
configure:17880: checking for Xenomai path
configure:17884: result: not specified.
configure:17979: checking whether to build RTDM interface
configure:17989: result: no
configure:18008: checking whether to build the debug interface
configure:18037: result: no
configure:18056: checking whether to build the debug ring
configure:18085: result: no
configure:18093: checking whether to build with EoE support
configure:18122: result: no
configure:18141: checking whether to use the CPU timestamp counter
configure:18167: result: yes
configure:18178: checking whether to use rtmutexes
configure:18207: result: no
configure:18215: checking whether to use high-resolution timers for scheduling
configure:18241: result: yes
configure:18252: checking whether to read alias addresses from registers
configure:18281: result: no
configure:18289: checking whether to force the reference clock to OP
configure:18318: result: no
configure:18326: checking whether to build the command-line tool
configure:18349: result: yes
configure:18369: checking whether to build the mailbox gateway server
configure:18392: result: yes
configure:18412: checking whether to build the userspace library
configure:18435: result: yes
configure:18455: checking whether to build the tty driver
configure:18481: result: no
configure:18500: checking whether to allow identification wildcards
configure:18529: result: no
configure:18552: checking for number of Ethernet devices
configure:18562: result: 1 (Redundancy disabled)
configure:18575: checking whether to assign the SII to PDI
configure:18601: result: yes
configure:18612: checking whether to cache the SII for re-use
configure:18638: result: yes
configure:18649: checking whether to allow quick OP
configure:18675: result: yes
configure:18686: checking whether to load SII locally if available
configure:18729: result: no
configure:18737: checking whether to syslog in realtime context
configure:18763: result: yes
configure:18774: checking whether to use loop control registers
configure:18803: result: no
configure:18912: checking that generated files are newer than configure
configure:18918: result: done
configure:19029: creating ./config.status

## ---------------------- ##
## Running config.status. ##
## ---------------------- ##

This file was extended by ethercat config.status 1.5.2, which was
generated by GNU Autoconf 2.71.  Invocation command line was

  CONFIG_FILES    = 
  CONFIG_HEADERS  = 
  CONFIG_LINKS    = 
  CONFIG_COMMANDS = 
  $ ./config.status 

on conni

config.status:1278: creating Doxyfile
config.status:1278: creating Kbuild
config.status:1278: creating Makefile
config.status:1278: creating devices/Kbuild
config.status:1278: creating devices/Makefile
config.status:1278: creating devices/ccat/Kbuild
config.status:1278: creating devices/ccat/Makefile
config.status:1278: creating devices/cx2100/Kbuild
config.status:1278: creating devices/cx2100/Makefile
config.status:1278: creating devices/e1000/Kbuild
config.status:1278: creating devices/e1000/Makefile
config.status:1278: creating devices/e1000e/Kbuild
config.status:1278: creating devices/e1000e/Makefile
config.status:1278: creating devices/igb/Kbuild
config.status:1278: creating devices/igb/Makefile
config.status:1278: creating ethercat.spec
config.status:1278: creating examples/Kbuild
config.status:1278: creating examples/Makefile
config.status:1278: creating examples/dc_rtai/Kbuild
config.status:1278: creating examples/dc_rtai/Makefile
config.status:1278: creating examples/dc_user/Makefile
config.status:1278: creating examples/mini/Kbuild
config.status:1278: creating examples/mini/Makefile
config.status:1278: creating examples/rtai/Kbuild
config.status:1278: creating examples/rtai/Makefile
config.status:1278: creating examples/rtai_rtdm/Makefile
config.status:1278: creating examples/rtai_rtdm_dc/Makefile
config.status:1278: creating examples/tty/Kbuild
config.status:1278: creating examples/tty/Makefile
config.status:1278: creating examples/user/Makefile
config.status:1278: creating examples/xenomai/Makefile
config.status:1278: creating examples/xenomai_posix/Makefile
config.status:1278: creating include/Makefile
config.status:1278: creating lib/Makefile
config.status:1278: creating m4/Makefile
config.status:1278: creating master/Kbuild
config.status:1278: creating master/Makefile
config.status:1278: creating script/Makefile
config.status:1278: creating script/ethercat.service
config.status:1278: creating script/ethercatctl
config.status:1278: creating script/init.d/Makefile
config.status:1278: creating script/init.d/ethercat
config.status:1278: creating script/sysconfig/Makefile
config.status:1278: creating tool/Makefile
config.status:1278: creating mailbox_gateway/Makefile
config.status:1278: creating tty/Kbuild
config.status:1278: creating tty/Makefile
config.status:1278: creating config.h
config.status:1507: executing depfiles commands
config.status:1584: cd examples/dc_user       && sed -e '/# am--include-marker/d' Makefile         | make -f - am--depfiles
config.status:1589: $? = 0
config.status:1584: cd examples/rtai_rtdm       && sed -e '/# am--include-marker/d' Makefile         | make -f - am--depfiles
config.status:1589: $? = 0
config.status:1584: cd examples/rtai_rtdm_dc       && sed -e '/# am--include-marker/d' Makefile         | make -f - am--depfiles
config.status:1589: $? = 0
config.status:1584: cd examples/user       && sed -e '/# am--include-marker/d' Makefile         | make -f - am--depfiles
config.status:1589: $? = 0
config.status:1584: cd examples/xenomai       && sed -e '/# am--include-marker/d' Makefile         | make -f - am--depfiles
config.status:1589: $? = 0
config.status:1584: cd examples/xenomai_posix       && sed -e '/# am--include-marker/d' Makefile         | make -f - am--depfiles
config.status:1589: $? = 0
config.status:1584: cd lib       && sed -e '/# am--include-marker/d' Makefile         | make -f - am--depfiles
config.status:1589: $? = 0
config.status:1584: cd tool       && sed -e '/# am--include-marker/d' Makefile         | make -f - am--depfiles
config.status:1589: $? = 0
config.status:1584: cd mailbox_gateway       && sed -e '/# am--include-marker/d' Makefile         | make -f - am--depfiles
config.status:1589: $? = 0
config.status:1507: executing libtool commands

## ---------------- ##
## Cache variables. ##
## ---------------- ##

ac_cv_build=x86_64-pc-linux-gnu
ac_cv_c_compiler_gnu=yes
ac_cv_cxx_compiler_gnu=yes
ac_cv_env_CCC_set=
ac_cv_env_CCC_value=
ac_cv_env_CC_set=
ac_cv_env_CC_value=
ac_cv_env_CFLAGS_set=
ac_cv_env_CFLAGS_value=
ac_cv_env_CPPFLAGS_set=
ac_cv_env_CPPFLAGS_value=
ac_cv_env_CXXCPP_set=
ac_cv_env_CXXCPP_value=
ac_cv_env_CXXFLAGS_set=
ac_cv_env_CXXFLAGS_value=
ac_cv_env_CXX_set=
ac_cv_env_CXX_value=
ac_cv_env_LDFLAGS_set=
ac_cv_env_LDFLAGS_value=
ac_cv_env_LIBS_set=
ac_cv_env_LIBS_value=
ac_cv_env_LT_SYS_LIBRARY_PATH_set=
ac_cv_env_LT_SYS_LIBRARY_PATH_value=
ac_cv_env_build_alias_set=
ac_cv_env_build_alias_value=
ac_cv_env_host_alias_set=
ac_cv_env_host_alias_value=
ac_cv_env_target_alias_set=
ac_cv_env_target_alias_value=
ac_cv_header_dlfcn_h=yes
ac_cv_header_inttypes_h=yes
ac_cv_header_stdint_h=yes
ac_cv_header_stdio_h=yes
ac_cv_header_stdlib_h=yes
ac_cv_header_string_h=yes
ac_cv_header_strings_h=yes
ac_cv_header_sys_stat_h=yes
ac_cv_header_sys_types_h=yes
ac_cv_header_unistd_h=yes
ac_cv_host=x86_64-pc-linux-gnu
ac_cv_objext=o
ac_cv_path_EGREP='/usr/bin/grep -E'
ac_cv_path_FGREP='/usr/bin/grep -F'
ac_cv_path_GREP=/usr/bin/grep
ac_cv_path_SED=/usr/bin/sed
ac_cv_path_install='/usr/bin/install -c'
ac_cv_path_lt_DD=/usr/bin/dd
ac_cv_path_mkdir=/usr/bin/mkdir
ac_cv_prog_AWK=gawk
ac_cv_prog_CXXCPP='g++ -E'
ac_cv_prog_ac_ct_AR=ar
ac_cv_prog_ac_ct_CC=gcc
ac_cv_prog_ac_ct_CXX=g++
ac_cv_prog_ac_ct_MANIFEST_TOOL=mt
ac_cv_prog_ac_ct_OBJDUMP=objdump
ac_cv_prog_ac_ct_RANLIB=ranlib
ac_cv_prog_ac_ct_STRIP=strip
ac_cv_prog_cc_c11=
ac_cv_prog_cc_g=yes
ac_cv_prog_cc_stdc=
ac_cv_prog_cxx_11=no
ac_cv_prog_cxx_cxx11=
ac_cv_prog_cxx_g=yes
ac_cv_prog_cxx_stdcxx=
ac_cv_prog_make_make_set=yes
am_cv_CC_dependencies_compiler_type=gcc3
am_cv_CXX_dependencies_compiler_type=gcc3
am_cv_ar_interface=ar
am_cv_make_support_nested_variables=yes
am_cv_prog_cc_c_o=yes
lt_cv_ar_at_file=@
lt_cv_archive_cmds_need_lc=no
lt_cv_deplibs_check_method=pass_all
lt_cv_file_magic_cmd='$MAGIC_CMD'
lt_cv_file_magic_test_file=
lt_cv_ld_reload_flag=-r
lt_cv_nm_interface='BSD nm'
lt_cv_objdir=.libs
lt_cv_path_LD=/usr/bin/ld
lt_cv_path_LDCXX='/usr/bin/ld -m elf_x86_64'
lt_cv_path_NM='/usr/bin/nm -B'
lt_cv_path_mainfest_tool=no
lt_cv_prog_compiler_c_o=yes
lt_cv_prog_compiler_c_o_CXX=yes
lt_cv_prog_compiler_pic='-fPIC -DPIC'
lt_cv_prog_compiler_pic_CXX='-fPIC -DPIC'
lt_cv_prog_compiler_pic_works=yes
lt_cv_prog_compiler_pic_works_CXX=yes
lt_cv_prog_compiler_rtti_exceptions=no
lt_cv_prog_compiler_static_works=yes
lt_cv_prog_compiler_static_works_CXX=yes
lt_cv_prog_gnu_ld=yes
lt_cv_prog_gnu_ldcxx=yes
lt_cv_sharedlib_from_linklib_cmd='printf %s\n'
lt_cv_shlibpath_overrides_runpath=yes
lt_cv_sys_global_symbol_pipe='sed -n -e '\''s/^.*[	 ]\([ABCDGIRSTW][ABCDGIRSTW]*\)[	 ][	 ]*\([_A-Za-z][_A-Za-z0-9]*\)$/\1 \2 \2/p'\'' | sed '\''/ __gnu_lto/d'\'''
lt_cv_sys_global_symbol_to_c_name_address='sed -n -e '\''s/^: \(.*\) .*$/  {"\1", (void *) 0},/p'\'' -e '\''s/^[ABCDGIRSTW][ABCDGIRSTW]* .* \(.*\)$/  {"\1", (void *) \&\1},/p'\'''
lt_cv_sys_global_symbol_to_c_name_address_lib_prefix='sed -n -e '\''s/^: \(.*\) .*$/  {"\1", (void *) 0},/p'\'' -e '\''s/^[ABCDGIRSTW][ABCDGIRSTW]* .* \(lib.*\)$/  {"\1", (void *) \&\1},/p'\'' -e '\''s/^[ABCDGIRSTW][ABCDGIRSTW]* .* \(.*\)$/  {"lib\1", (void *) \&\1},/p'\'''
lt_cv_sys_global_symbol_to_cdecl='sed -n -e '\''s/^T .* \(.*\)$/extern int \1();/p'\'' -e '\''s/^[ABCDGIRSTW][ABCDGIRSTW]* .* \(.*\)$/extern char \1;/p'\'''
lt_cv_sys_global_symbol_to_import=
lt_cv_sys_max_cmd_len=1572864
lt_cv_to_host_file_cmd=func_convert_file_noop
lt_cv_to_tool_file_cmd=func_convert_file_noop
lt_cv_truncate_bin='/usr/bin/dd bs=4096 count=1'

## ----------------- ##
## Output variables. ##
## ----------------- ##

ACLOCAL='${SHELL} '\''/home/jyuan/git/ethercat/autoconf/missing'\'' aclocal-1.16'
AMDEPBACKSLASH='\'
AMDEP_FALSE='#'
AMDEP_TRUE=''
AMTAR='$${TAR-tar}'
AM_BACKSLASH='\'
AM_DEFAULT_V='$(AM_DEFAULT_VERBOSITY)'
AM_DEFAULT_VERBOSITY='1'
AM_V='$(V)'
AR='ar'
AUTOCONF='${SHELL} '\''/home/jyuan/git/ethercat/autoconf/missing'\'' autoconf'
AUTOHEADER='${SHELL} '\''/home/jyuan/git/ethercat/autoconf/missing'\'' autoheader'
AUTOMAKE='${SHELL} '\''/home/jyuan/git/ethercat/autoconf/missing'\'' automake-1.16'
AWK='gawk'
BUILD_MBG_FALSE='#'
BUILD_MBG_TRUE=''
BUILD_TOOL_FALSE='#'
BUILD_TOOL_TRUE=''
CC='gcc'
CCDEPMODE='depmode=gcc3'
CFLAGS='-g -O2'
CPPFLAGS=''
CSCOPE='cscope'
CTAGS='ctags'
CXX='g++'
CXXCPP='g++ -E'
CXXDEPMODE='depmode=gcc3'
CXXFLAGS='-g -O2'
CYGPATH_W='echo'
DEFS='-DHAVE_CONFIG_H'
DEPDIR='.deps'
DLLTOOL='false'
DSYMUTIL=''
DUMPBIN=''
E1000E_LAYOUT='0'
ECHO_C=''
ECHO_N='-n'
ECHO_T=''
EGREP='/usr/bin/grep -E'
ENABLE_8139TOO='0'
ENABLE_8139TOO_FALSE=''
ENABLE_8139TOO_TRUE='#'
ENABLE_CCAT='0'
ENABLE_CCAT_FALSE=''
ENABLE_CCAT_TRUE='#'
ENABLE_CX2100='0'
ENABLE_CX2100_FALSE=''
ENABLE_CX2100_TRUE='#'
ENABLE_DEBUG_IF='0'
ENABLE_DEBUG_IF_FALSE=''
ENABLE_DEBUG_IF_TRUE='#'
ENABLE_E1000='0'
ENABLE_E1000E='0'
ENABLE_E1000E_FALSE=''
ENABLE_E1000E_TRUE='#'
ENABLE_E1000_FALSE=''
ENABLE_E1000_TRUE='#'
ENABLE_E100='0'
ENABLE_E100_FALSE=''
ENABLE_E100_TRUE='#'
ENABLE_EOE='0'
ENABLE_EOE_FALSE=''
ENABLE_EOE_TRUE='#'
ENABLE_GENERIC='1'
ENABLE_GENERIC_FALSE='#'
ENABLE_GENERIC_TRUE=''
ENABLE_IGB='0'
ENABLE_IGB_FALSE=''
ENABLE_IGB_TRUE='#'
ENABLE_KERNEL='1'
ENABLE_KERNEL_FALSE='#'
ENABLE_KERNEL_TRUE=''
ENABLE_R8152='0'
ENABLE_R8152_FALSE=''
ENABLE_R8152_TRUE='#'
ENABLE_R8169='0'
ENABLE_R8169_FALSE=''
ENABLE_R8169_TRUE='#'
ENABLE_RTAI='0'
ENABLE_RTAI_FALSE=''
ENABLE_RTAI_TRUE='#'
ENABLE_RTDM='0'
ENABLE_RTDM_FALSE=''
ENABLE_RTDM_TRUE='#'
ENABLE_TTY='0'
ENABLE_TTY_FALSE=''
ENABLE_TTY_TRUE='#'
ENABLE_USERLIB_FALSE='#'
ENABLE_USERLIB_TRUE=''
ENABLE_XENOMAI='0'
ENABLE_XENOMAI_FALSE=''
ENABLE_XENOMAI_TRUE='#'
ENABLE_XENOMAI_V3=''
ENABLE_XENOMAI_V3_FALSE=''
ENABLE_XENOMAI_V3_TRUE='#'
ETAGS='etags'
EXEEXT=''
FGREP='/usr/bin/grep -F'
GREP='/usr/bin/grep'
INSTALL_DATA='${INSTALL} -m 644'
INSTALL_MOD_DIR='ethercat'
INSTALL_PROGRAM='${INSTALL}'
INSTALL_SCRIPT='${INSTALL}'
INSTALL_STRIP_PROGRAM='$(install_sh) -c -s'
KERNEL_8139TOO='5.19'
KERNEL_CX2100='5.19'
KERNEL_E1000='5.19'
KERNEL_E1000E='5.19'
KERNEL_E100='5.19'
KERNEL_IGB='5.19'
KERNEL_R8152='5.19'
KERNEL_R8169='5.19'
LD='/usr/bin/ld -m elf_x86_64'
LDFLAGS=''
LIBOBJS=''
LIBS=''
LIBTOOL='$(SHELL) $(top_builddir)/libtool'
LINUX_SOURCE_DIR='/usr/src/linux-headers-5.19.0-50-generic'
LIPO=''
LN_S='ln -s'
LTLIBOBJS=''
LT_SYS_LIBRARY_PATH=''
MAKEINFO='${SHELL} '\''/home/jyuan/git/ethercat/autoconf/missing'\'' makeinfo'
MANIFEST_TOOL=':'
MKDIR_P='/usr/bin/mkdir -p'
NM='/usr/bin/nm -B'
NMEDIT=''
OBJDUMP='objdump'
OBJEXT='o'
OTOOL64=''
OTOOL=''
PACKAGE='ethercat'
PACKAGE_BUGREPORT='fp@igh-essen.com'
PACKAGE_NAME='ethercat'
PACKAGE_STRING='ethercat 1.5.2'
PACKAGE_TARNAME='ethercat'
PACKAGE_URL=''
PACKAGE_VERSION='1.5.2'
PATH_SEPARATOR=':'
RANLIB='ranlib'
RTAI_DIR=''
RTAI_LXRT_CFLAGS=''
RTAI_LXRT_LDFLAGS=''
SED='/usr/bin/sed'
SET_MAKE=''
SHELL='/bin/bash'
STRIP='strip'
VERSION='1.5.2'
XENOMAI_ALCHEMY_CFLAGS=''
XENOMAI_ALCHEMY_LDFLAGS=''
XENOMAI_DIR=''
XENOMAI_NATIVE_CFLAGS=''
XENOMAI_NATIVE_LDFLAGS=''
XENOMAI_POSIX_CFLAGS=''
XENOMAI_POSIX_LDFLAGS=''
XENOMAI_RTDM_CFLAGS=''
XENOMAI_RTDM_LDFLAGS=''
ac_ct_AR='ar'
ac_ct_CC='gcc'
ac_ct_CXX='g++'
ac_ct_DUMPBIN=''
am__EXEEXT_FALSE=''
am__EXEEXT_TRUE='#'
am__fastdepCC_FALSE='#'
am__fastdepCC_TRUE=''
am__fastdepCXX_FALSE='#'
am__fastdepCXX_TRUE=''
am__include='include'
am__isrc=''
am__leading_dot='.'
am__nodep='_no'
am__quote=''
am__tar='$${TAR-tar} chof - "$$tardir"'
am__untar='$${TAR-tar} xf -'
bindir='${exec_prefix}/bin'
build='x86_64-pc-linux-gnu'
build_alias=''
build_cpu='x86_64'
build_os='linux-gnu'
build_vendor='pc'
datadir='${datarootdir}'
datarootdir='${prefix}/share'
docdir='${datarootdir}/doc/${PACKAGE_TARNAME}'
dvidir='${docdir}'
exec_prefix='${prefix}'
host='x86_64-pc-linux-gnu'
host_alias=''
host_cpu='x86_64'
host_os='linux-gnu'
host_vendor='pc'
htmldir='${docdir}'
includedir='${prefix}/include'
infodir='${datarootdir}/info'
install_sh='${SHELL} /home/jyuan/git/ethercat/autoconf/install-sh'
libdir='${exec_prefix}/lib'
libexecdir='${exec_prefix}/libexec'
localedir='${datarootdir}/locale'
localstatedir='${prefix}/var'
mandir='${datarootdir}/man'
mkdir_p='$(MKDIR_P)'
oldincludedir='/usr/include'
pdfdir='${docdir}'
prefix='/usr/local'
program_transform_name='s,x,x,'
psdir='${docdir}'
runstatedir='${localstatedir}/run'
sbindir='${exec_prefix}/sbin'
sharedstatedir='${prefix}/com'
sysconfdir='${prefix}/etc'
target_alias=''

## ----------- ##
## confdefs.h. ##
## ----------- ##

/* confdefs.h */
#define PACKAGE_NAME "ethercat"
#define PACKAGE_TARNAME "ethercat"
#define PACKAGE_VERSION "1.5.2"
#define PACKAGE_STRING "ethercat 1.5.2"
#define PACKAGE_BUGREPORT "fp@igh-essen.com"
#define PACKAGE_URL ""
#define PACKAGE "ethercat"
#define VERSION "1.5.2"
#define HAVE_STDIO_H 1
#define HAVE_STDLIB_H 1
#define HAVE_STRING_H 1
#define HAVE_INTTYPES_H 1
#define HAVE_STDINT_H 1
#define HAVE_STRINGS_H 1
#define HAVE_SYS_STAT_H 1
#define HAVE_SYS_TYPES_H 1
#define HAVE_UNISTD_H 1
#define STDC_HEADERS 1
#define HAVE_DLFCN_H 1
#define LT_OBJDIR ".libs/"
#define EC_HAVE_CYCLES 1
#define EC_USE_HRTIMER 1
#define EC_MAX_NUM_DEVICES 1
#define EC_SII_ASSIGN 1
#define EC_SII_CACHE 1
#define EC_QUICK_OP 1
#define EC_RT_SYSLOG 1

configure: exit 0




## ---------------------- ##
## Running config.status. ##
## ---------------------- ##
## ---------------------- ##
## Running config.status. ##
## ---------------------- ##

This file was extended by ethercat config.status 1.5.2, which was
generated by GNU Autoconf 2.71.  Invocation command line was

  CONFIG_FILES    = 
  CONFIG_HEADERS  = 
  CONFIG_LINKS    = 
  CONFIG_COMMANDS = 
  $ ./config.status Kbuild

on conni

## ---------------------- ##
## Running config.status. ##
## ---------------------- ##

This file was extended by ethercat config.status 1.5.2, which was
generated by GNU Autoconf 2.71.  Invocation command line was

  CONFIG_FILES    = 
  CONFIG_HEADERS  = 
  CONFIG_LINKS    = 
  CONFIG_COMMANDS = 
  $ ./config.status Doxyfile

on conni

## ---------------------- ##
## Running config.status. ##
## ---------------------- ##

This file was extended by ethercat config.status 1.5.2, which was
generated by GNU Autoconf 2.71.  Invocation command line was

  CONFIG_FILES    = 
  CONFIG_HEADERS  = 
  CONFIG_LINKS    = 
  CONFIG_COMMANDS = 
  $ ./config.status config.h

on conni


This file was extended by ethercat config.status 1.5.2, which was
generated by GNU Autoconf 2.71.  Invocation command line was

  CONFIG_FILES    = 
  CONFIG_HEADERS  = 
  CONFIG_LINKS    = 
  CONFIG_COMMANDS = 
  $ ./config.status ethercat.spec

on conni

config.status:1278: creating config.h
config.status:1278: creating Doxyfile
config.status:1457: error: could not create config.h
config.status:1278: creating Kbuild
config.status:1278: creating ethercat.spec
config.status:1430: error: could not create Doxyfile
config.status:1430: error: could not create Kbuild
config.status:1430: error: could not create ethercat.spec
